main.c:134:5:main	16	static
main.c:195:6:SystemClock_Config	72	static
main.c:231:13:MX_TIM2_Init	32	static
main.c:276:13:MX_GPIO_Init	32	static
main.c:329:6:update7SEG	16	static
main.c:359:6:HAL_TIM_PeriodElapsedCallback	16	static
main.c:364:6:display7SEG	16	static
main.c:456:6:updateClockBuffer	32	static
main.c:467:6:selectCOL	16	static
main.c:496:6:clearCOL	16	static
main.c:525:6:displayDOT	48	static
main.c:602:6:clearAllPins	8	static
main.c:621:6:clearDOT	48	static
main.c:700:6:updateLEDMatrix	16	static
main.c:730:6:updateMatrixBuffer	16	static
main.c:746:6:Error_Handler	4	static,ignoring_inline_asm
