main.c:81:5:main	16	static
main.c:139:6:SystemClock_Config	72	static
main.c:175:13:MX_TIM2_Init	32	static
main.c:220:13:MX_GPIO_Init	32	static
main.c:273:6:update7SEG	16	static
main.c:303:6:HAL_TIM_PeriodElapsedCallback	16	static
main.c:308:6:display7SEG	16	static
main.c:400:6:updateClockBuffer	32	static
main.c:411:6:selectCOL	16	static
main.c:440:6:clearCOL	16	static
main.c:469:6:displayDOT	48	static
main.c:546:6:clearAllPins	8	static
main.c:565:6:clearDOT	48	static
main.c:644:6:updateLEDMatrix	16	static
main.c:681:6:Error_Handler	4	static,ignoring_inline_asm
